// Jest Snapshot v1, https://goo.gl/fbAQLP

exports[`renderiza corretamente 1`] = `
<DocumentFragment>
  <div>
    <main>
      <h1>
        Test c/ jest
      </h1>
      <h3>
        Test pipeline
      </h3>
      <li>
         Teste de prettier
      </li>
       
      <li>
        mais um teste 
      </li>
       
      <li>
         Teste de prettier
      </li>
       
      <li>
        maais um teste 
      </li>
       
      <li>
         Teste de prettier
      </li>
       
      <li>
        maais um teste 
      </li>
       
      <li>
         Teste de prettier
      </li>
       
      <li>
        maais um teste 
      </li>
       
      <li>
         Teste de prettier
      </li>
       
      <li>
        maais um teste 
      </li>
       
      <li>
         Teste de prettier
      </li>
       
      <li>
        maais um teste 
      </li>
    </main>
    <footer />
  </div>
</DocumentFragment>
`;
